D:/workspaceSTM/GALAGA_FINAL/Core/Src/main.c:977:13:SPI5_Write	16	static
D:/workspaceSTM/GALAGA_FINAL/Core/Src/main.c:1089:6:StartDefaultTask	8	static
D:/workspaceSTM/GALAGA_FINAL/Core/Src/main.c:256:6:SystemClock_Config	96	static
D:/workspaceSTM/GALAGA_FINAL/Core/Src/main.c:162:5:main	120	static
D:/workspaceSTM/GALAGA_FINAL/Core/Src/main.c:821:6:IOE_Init	0	static
D:/workspaceSTM/GALAGA_FINAL/Core/Src/main.c:830:6:IOE_ITConfig	0	static
D:/workspaceSTM/GALAGA_FINAL/Core/Src/main.c:842:6:IOE_Write	32	static
D:/workspaceSTM/GALAGA_FINAL/Core/Src/main.c:853:9:IOE_Read	32	static
D:/workspaceSTM/GALAGA_FINAL/Core/Src/main.c:866:10:IOE_ReadMultiple	24	static
D:/workspaceSTM/GALAGA_FINAL/Core/Src/main.c:875:6:IOE_Delay	0	static
D:/workspaceSTM/GALAGA_FINAL/Core/Src/main.c:1003:6:LCD_IO_Init	8	static
D:/workspaceSTM/GALAGA_FINAL/Core/Src/main.c:1013:6:LCD_IO_WriteData	16	static
D:/workspaceSTM/GALAGA_FINAL/Core/Src/main.c:1029:6:LCD_IO_WriteReg	16	static
D:/workspaceSTM/GALAGA_FINAL/Core/Src/main.c:1048:10:LCD_IO_ReadData	32	static
D:/workspaceSTM/GALAGA_FINAL/Core/Src/main.c:1075:6:LCD_Delay	0	static
D:/workspaceSTM/GALAGA_FINAL/Core/Src/main.c:1128:6:HAL_TIM_PeriodElapsedCallback	0	static
D:/workspaceSTM/GALAGA_FINAL/Core/Src/main.c:1146:6:Error_Handler	0	static
