D:/workspaceSTM/Galaga-Ver4/Core/Src/main.c:989:13:SPI5_Write	1
D:/workspaceSTM/Galaga-Ver4/Core/Src/main.c:1101:6:StartDefaultTask	2
D:/workspaceSTM/Galaga-Ver4/Core/Src/main.c:258:6:SystemClock_Config	1
D:/workspaceSTM/Galaga-Ver4/Core/Src/main.c:164:5:main	2
D:/workspaceSTM/Galaga-Ver4/Core/Src/main.c:833:6:IOE_Init	1
D:/workspaceSTM/Galaga-Ver4/Core/Src/main.c:842:6:IOE_ITConfig	1
D:/workspaceSTM/Galaga-Ver4/Core/Src/main.c:854:6:IOE_Write	1
D:/workspaceSTM/Galaga-Ver4/Core/Src/main.c:865:9:IOE_Read	1
D:/workspaceSTM/Galaga-Ver4/Core/Src/main.c:878:10:IOE_ReadMultiple	1
D:/workspaceSTM/Galaga-Ver4/Core/Src/main.c:887:6:IOE_Delay	1
D:/workspaceSTM/Galaga-Ver4/Core/Src/main.c:1015:6:LCD_IO_Init	1
D:/workspaceSTM/Galaga-Ver4/Core/Src/main.c:1025:6:LCD_IO_WriteData	1
D:/workspaceSTM/Galaga-Ver4/Core/Src/main.c:1041:6:LCD_IO_WriteReg	1
D:/workspaceSTM/Galaga-Ver4/Core/Src/main.c:1060:10:LCD_IO_ReadData	1
D:/workspaceSTM/Galaga-Ver4/Core/Src/main.c:1087:6:LCD_Delay	1
D:/workspaceSTM/Galaga-Ver4/Core/Src/main.c:1148:6:HAL_TIM_PeriodElapsedCallback	2
D:/workspaceSTM/Galaga-Ver4/Core/Src/main.c:1166:6:Error_Handler	1
