C:/TouchGFXProjects/Galaga-Ver4/Core/Src/main.c:981:13:SPI5_Write	16	static
C:/TouchGFXProjects/Galaga-Ver4/Core/Src/main.c:1093:6:StartDefaultTask	40	static
C:/TouchGFXProjects/Galaga-Ver4/Core/Src/main.c:258:6:SystemClock_Config	96	static
C:/TouchGFXProjects/Galaga-Ver4/Core/Src/main.c:164:5:main	120	static
C:/TouchGFXProjects/Galaga-Ver4/Core/Src/main.c:825:6:IOE_Init	0	static
C:/TouchGFXProjects/Galaga-Ver4/Core/Src/main.c:834:6:IOE_ITConfig	0	static
C:/TouchGFXProjects/Galaga-Ver4/Core/Src/main.c:846:6:IOE_Write	32	static
C:/TouchGFXProjects/Galaga-Ver4/Core/Src/main.c:857:9:IOE_Read	32	static
C:/TouchGFXProjects/Galaga-Ver4/Core/Src/main.c:870:10:IOE_ReadMultiple	24	static
C:/TouchGFXProjects/Galaga-Ver4/Core/Src/main.c:879:6:IOE_Delay	0	static
C:/TouchGFXProjects/Galaga-Ver4/Core/Src/main.c:1007:6:LCD_IO_Init	8	static
C:/TouchGFXProjects/Galaga-Ver4/Core/Src/main.c:1017:6:LCD_IO_WriteData	16	static
C:/TouchGFXProjects/Galaga-Ver4/Core/Src/main.c:1033:6:LCD_IO_WriteReg	16	static
C:/TouchGFXProjects/Galaga-Ver4/Core/Src/main.c:1052:10:LCD_IO_ReadData	32	static
C:/TouchGFXProjects/Galaga-Ver4/Core/Src/main.c:1079:6:LCD_Delay	0	static
C:/TouchGFXProjects/Galaga-Ver4/Core/Src/main.c:1140:6:HAL_TIM_PeriodElapsedCallback	0	static
C:/TouchGFXProjects/Galaga-Ver4/Core/Src/main.c:1158:6:Error_Handler	0	static
