C:/TouchGFXProjects/Galaga-Ver4/Core/Src/stm32f4xx_hal_msp.c:64:6:HAL_MspInit	8	static
C:/TouchGFXProjects/Galaga-Ver4/Core/Src/stm32f4xx_hal_msp.c:89:6:HAL_ADC_MspInit	40	static
C:/TouchGFXProjects/Galaga-Ver4/Core/Src/stm32f4xx_hal_msp.c:124:6:HAL_ADC_MspDeInit	0	static
C:/TouchGFXProjects/Galaga-Ver4/Core/Src/stm32f4xx_hal_msp.c:153:6:HAL_CRC_MspInit	8	static
C:/TouchGFXProjects/Galaga-Ver4/Core/Src/stm32f4xx_hal_msp.c:176:6:HAL_CRC_MspDeInit	0	static
C:/TouchGFXProjects/Galaga-Ver4/Core/Src/stm32f4xx_hal_msp.c:198:6:HAL_DMA2D_MspInit	16	static
C:/TouchGFXProjects/Galaga-Ver4/Core/Src/stm32f4xx_hal_msp.c:224:6:HAL_DMA2D_MspDeInit	0	static
C:/TouchGFXProjects/Galaga-Ver4/Core/Src/stm32f4xx_hal_msp.c:249:6:HAL_I2C_MspInit	64	static
C:/TouchGFXProjects/Galaga-Ver4/Core/Src/stm32f4xx_hal_msp.c:298:6:HAL_I2C_MspDeInit	8	static
C:/TouchGFXProjects/Galaga-Ver4/Core/Src/stm32f4xx_hal_msp.c:329:6:HAL_LTDC_MspInit	120	static
C:/TouchGFXProjects/Galaga-Ver4/Core/Src/stm32f4xx_hal_msp.c:455:6:HAL_LTDC_MspDeInit	8	static
C:/TouchGFXProjects/Galaga-Ver4/Core/Src/stm32f4xx_hal_msp.c:517:6:HAL_SPI_MspInit	40	static
C:/TouchGFXProjects/Galaga-Ver4/Core/Src/stm32f4xx_hal_msp.c:555:6:HAL_SPI_MspDeInit	0	static
C:/TouchGFXProjects/Galaga-Ver4/Core/Src/stm32f4xx_hal_msp.c:585:6:HAL_UART_MspInit	40	static
C:/TouchGFXProjects/Galaga-Ver4/Core/Src/stm32f4xx_hal_msp.c:622:6:HAL_UART_MspDeInit	0	static
C:/TouchGFXProjects/Galaga-Ver4/Core/Src/stm32f4xx_hal_msp.c:753:6:HAL_SDRAM_MspInit	48	static
C:/TouchGFXProjects/Galaga-Ver4/Core/Src/stm32f4xx_hal_msp.c:839:6:HAL_SDRAM_MspDeInit	8	static
